# Layers example - displays three overlapping colored cards

[test]
category = "static"
description = "Displays three colored cards with absolute positioning"

[output]
# Check that all three cards are rendered
text = "Blue Card"

[timing]
timeout = 5000

# --- PERSISTENCE TEST ---
# Static display - verify consistent output after re-run

[[persistence]]
description = "After re-run, cards should still be displayed"
expect = "Blue Card"
